| think | set | config | n | decode tok/s | e2e tok/s | vs same-quant plain (agg; per-prompt median [IQR]) | vs PTQ1_0 plain (agg; per-prompt) | accept | tau | score | trunc | copied from prompt |
|---|---|---|---|---|---|---|---|---|---|---|---|---|
| off | gsm8k | PQ2_0-dflash | 100 | 67.61 | 61.5 | 2.30x; 2.35x [2.20-2.51] n=100 | 2.15x; 2.19x [2.05-2.35] n=100 | 0.675 | 5.71 | 0.93 | 1 |  |
| off | gsm8k | PQ2_0-plain | 100 | 29.35 | 28.32 |  | 0.93x; 0.93x [0.93-0.94] n=100 |  |  | 0.94 | 2 |  |
| off | gsm8k | PTQ1_0-plain | 100 | 31.42 | 30.15 |  |  |  |  | 0.93 | 1 |  |
| off | humaneval | PQ2_0-dflash | 164 | 83.75 | 69.31 | 2.85x; 3.02x [2.88-3.11] n=164 | 2.66x; 2.81x [2.69-2.89] n=164 | 0.864 | 7.03 | 0.933 | 1 | 0.64 |
| off | humaneval | PQ2_0-plain | 164 | 29.4 | 27.69 |  | 0.93x; 0.93x [0.93-0.94] n=164 |  |  | 0.927 | 2 | 0.64 |
| off | humaneval | PTQ1_0-plain | 164 | 31.51 | 29.45 |  |  |  |  | 0.921 | 2 | 0.639 |
| off | math500 | PQ2_0-dflash | 6 | 68.76 | 67.08 | 2.34x; 2.70x [2.38-2.76] n=6 | 2.24x; 2.31x [2.27-2.58] n=3 | 0.695 | 5.85 | 0.667 | 1 |  |
| off | math500 | PQ2_0-plain | 9 | 29.34 | 29.06 |  | 0.96x; 0.96x [0.96-0.96] n=3 |  |  | 0.778 | 1 |  |
| off | math500 | PTQ1_0-plain | 3 | 30.7 | 30.47 |  |  |  |  | 0.333 | 1 |  |
| off | mbpp | PQ2_0-dflash | 100 | 68.41 | 52.88 | 2.32x; 2.43x [2.23-2.66] n=100 | 2.16x; 2.24x [2.06-2.47] n=100 | 0.682 | 5.74 | 0.8 | 2 |  |
| off | mbpp | PQ2_0-plain | 100 | 29.48 | 26.64 |  | 0.93x; 0.93x [0.92-0.93] n=100 |  |  | 0.8 | 2 |  |
| off | mbpp | PTQ1_0-plain | 100 | 31.64 | 28.27 |  |  |  |  | 0.8 | 2 |  |
| off | mtbench | PQ2_0-dflash | 80 | 42.93 | 41.37 | 1.47x; 1.62x [1.19-2.13] n=80 | 1.37x; 1.51x [1.12-2.00] n=80 | 0.378 | 3.63 |  | 15 |  |
| off | mtbench | PQ2_0-plain | 80 | 29.28 | 28.64 |  | 0.94x; 0.94x [0.93-0.94] n=80 |  |  |  | 17 |  |
| off | mtbench | PTQ1_0-plain | 80 | 31.3 | 30.53 |  |  |  |  |  | 14 |  |
| on | gsm8k | PQ2_0-dflash | 40 | 49.42 | 46.26 | 1.69x; 2.00x [1.80-2.20] n=40 | 1.57x; 1.85x [1.66-2.04] n=40 | 0.455 | 4.18 | 0.95 | 0 |  |
| on | gsm8k | PQ2_0-plain | 40 | 29.16 | 27.87 |  | 0.93x; 0.92x [0.92-0.92] n=40 |  |  | 0.95 | 0 |  |
| on | gsm8k | PTQ1_0-plain | 40 | 31.41 | 30.08 |  |  |  |  | 0.925 | 1 |  |
| on | humaneval | PQ2_0-dflash | 40 | 47.43 | 46.05 | 1.64x; 1.76x [1.51-1.95] n=40 | 1.52x; 1.63x [1.39-1.78] n=40 | 0.429 | 4.0 | 0.8 | 7 | 0.562 |
| on | humaneval | PQ2_0-plain | 40 | 28.87 | 28.39 |  | 0.93x; 0.93x [0.92-0.93] n=40 |  |  | 0.825 | 6 | 0.568 |
| on | humaneval | PTQ1_0-plain | 40 | 31.2 | 30.6 |  |  |  |  | 0.825 | 5 | 0.601 |
| on | math500 | PQ2_0-dflash | 40 | 49.13 | 47.94 | 1.69x; 2.03x [1.80-2.25] n=40 | 1.61x; 1.95x [1.71-2.12] n=40 | 0.457 | 4.2 | 0.775 | 7 |  |
| on | math500 | PQ2_0-plain | 40 | 29.13 | 28.76 |  | 0.96x; 0.96x [0.95-0.96] n=40 |  |  | 0.825 | 5 |  |
| on | math500 | PTQ1_0-plain | 40 | 30.48 | 30.06 |  |  |  |  | 0.875 | 3 |  |
| on | mbpp | PQ2_0-dflash | 40 | 42.8 | 41.61 | 1.49x; 1.49x [1.37-1.75] n=40 | 1.38x; 1.38x [1.27-1.61] n=40 | 0.376 | 3.63 | 0.85 | 5 |  |
| on | mbpp | PQ2_0-plain | 40 | 28.8 | 28.28 |  | 0.93x; 0.92x [0.92-0.93] n=40 |  |  | 0.85 | 5 |  |
| on | mbpp | PTQ1_0-plain | 40 | 31.07 | 30.48 |  |  |  |  | 0.8 | 7 |  |
| on | mtbench | PQ2_0-dflash | 40 | 43.03 | 41.92 | 1.49x; 1.46x [1.25-1.75] n=40 | 1.38x; 1.34x [1.16-1.62] n=40 | 0.378 | 3.65 |  | 6 |  |
| on | mtbench | PQ2_0-plain | 40 | 28.87 | 28.43 |  | 0.93x; 0.93x [0.92-0.93] n=40 |  |  |  | 7 |  |
| on | mtbench | PTQ1_0-plain | 40 | 31.2 | 30.68 |  |  |  |  |  | 7 |  |

| think | MT-Bench category | n | DFlash2 vs PTQ1_0 plain (per-prompt median) | accept |
|---|---|---|---|---|
| off | coding | 10 | 2.00x | 0.60 |
| off | extraction | 10 | 2.38x | 0.71 |
| off | humanities | 10 | 1.11x | 0.28 |
| off | math | 10 | 2.32x | 0.73 |
| off | reasoning | 10 | 1.76x | 0.46 |
| off | roleplay | 10 | 1.11x | 0.29 |
| off | stem | 10 | 1.39x | 0.36 |
| off | writing | 10 | 1.01x | 0.25 |
| on | coding | 4 | 1.54x | 0.37 |
| on | extraction | 5 | 1.51x | 0.36 |
| on | humanities | 7 | 1.11x | 0.42 |
| on | math | 2 | 2.17x | 0.61 |
| on | reasoning | 6 | 1.49x | 0.37 |
| on | roleplay | 6 | 1.44x | 0.50 |
| on | stem | 4 | 1.29x | 0.31 |
| on | writing | 6 | 1.56x | 0.28 |

